[    1194ms] [LOG] JSHandle@node @ https://crm.smarthiz.vn/main.7779000ecd52102b7ac0.js:0
[    1196ms] [LOG] Fri Jul 17 2026 14:32:43 GMT+0700 (Indochina Time) @ https://crm.smarthiz.vn/main.7779000ecd52102b7ac0.js:0
[    1196ms] [LOG] function(){} @ https://crm.smarthiz.vn/main.7779000ecd52102b7ac0.js:0
[    1197ms] [TABLE] [Object, Object, Object, Object, Object, Object, Object, Object, Object, Object, Object, Object, Object, Object, Object, Object, Object, Object, Object, Object, Object, Object, Object, Object, Object, Object, Object, Object, Object, Object, Object, Object, Object, Object, Object, Object, Object, Object, Object, Object, Object, Object, Object, Object, Object, Object, Object, Object, Object, Object] @ https://crm.smarthiz.vn/main.7779000ecd52102b7ac0.js:0
[    1229ms] [LOG] [Object, Object, Object, Object, Object, Object, Object, Object, Object, Object, Object, Object, Object, Object, Object, Object, Object, Object, Object, Object, Object, Object, Object, Object, Object, Object, Object, Object, Object, Object, Object, Object, Object, Object, Object, Object, Object, Object, Object, Object, Object, Object, Object, Object, Object, Object, Object, Object, Object, Object] @ https://crm.smarthiz.vn/main.7779000ecd52102b7ac0.js:0
[    1691ms] [LOG] JSHandle@node @ https://crm.smarthiz.vn/main.7779000ecd52102b7ac0.js:0
[    1691ms] [LOG] Fri Jul 17 2026 14:32:43 GMT+0700 (Indochina Time) @ https://crm.smarthiz.vn/main.7779000ecd52102b7ac0.js:0
[    1692ms] [LOG] function(){} @ https://crm.smarthiz.vn/main.7779000ecd52102b7ac0.js:0
[    1692ms] [TABLE] [Object, Object, Object, Object, Object, Object, Object, Object, Object, Object, Object, Object, Object, Object, Object, Object, Object, Object, Object, Object, Object, Object, Object, Object, Object, Object, Object, Object, Object, Object, Object, Object, Object, Object, Object, Object, Object, Object, Object, Object, Object, Object, Object, Object, Object, Object, Object, Object, Object, Object] @ https://crm.smarthiz.vn/main.7779000ecd52102b7ac0.js:0
[    1721ms] [LOG] [Object, Object, Object, Object, Object, Object, Object, Object, Object, Object, Object, Object, Object, Object, Object, Object, Object, Object, Object, Object, Object, Object, Object, Object, Object, Object, Object, Object, Object, Object, Object, Object, Object, Object, Object, Object, Object, Object, Object, Object, Object, Object, Object, Object, Object, Object, Object, Object, Object, Object] @ https://crm.smarthiz.vn/main.7779000ecd52102b7ac0.js:0
[    1722ms] [WARNING] You don't have permission to use DEVTOOL!【type = 6】 @ https://crm.smarthiz.vn/main.7779000ecd52102b7ac0.js:0
[    2554ms] [LOG] JSHandle@node @ https://crm.smarthiz.vn/main.7779000ecd52102b7ac0.js:0
[    2554ms] [LOG] Fri Jul 17 2026 14:32:44 GMT+0700 (Indochina Time) @ https://crm.smarthiz.vn/main.7779000ecd52102b7ac0.js:0
[    2555ms] [LOG] function(){} @ https://crm.smarthiz.vn/main.7779000ecd52102b7ac0.js:0
[    2555ms] [TABLE] [Object, Object, Object, Object, Object, Object, Object, Object, Object, Object, Object, Object, Object, Object, Object, Object, Object, Object, Object, Object, Object, Object, Object, Object, Object, Object, Object, Object, Object, Object, Object, Object, Object, Object, Object, Object, Object, Object, Object, Object, Object, Object, Object, Object, Object, Object, Object, Object, Object, Object] @ https://crm.smarthiz.vn/main.7779000ecd52102b7ac0.js:0
[    2588ms] [LOG] [Object, Object, Object, Object, Object, Object, Object, Object, Object, Object, Object, Object, Object, Object, Object, Object, Object, Object, Object, Object, Object, Object, Object, Object, Object, Object, Object, Object, Object, Object, Object, Object, Object, Object, Object, Object, Object, Object, Object, Object, Object, Object, Object, Object, Object, Object, Object, Object, Object, Object] @ https://crm.smarthiz.vn/main.7779000ecd52102b7ac0.js:0
[    3051ms] [LOG] JSHandle@node @ https://crm.smarthiz.vn/main.7779000ecd52102b7ac0.js:0
[    3051ms] [LOG] Fri Jul 17 2026 14:32:44 GMT+0700 (Indochina Time) @ https://crm.smarthiz.vn/main.7779000ecd52102b7ac0.js:0
[    3051ms] [LOG] function(){} @ https://crm.smarthiz.vn/main.7779000ecd52102b7ac0.js:0
[    3051ms] [TABLE] [Object, Object, Object, Object, Object, Object, Object, Object, Object, Object, Object, Object, Object, Object, Object, Object, Object, Object, Object, Object, Object, Object, Object, Object, Object, Object, Object, Object, Object, Object, Object, Object, Object, Object, Object, Object, Object, Object, Object, Object, Object, Object, Object, Object, Object, Object, Object, Object, Object, Object] @ https://crm.smarthiz.vn/main.7779000ecd52102b7ac0.js:0
[    3082ms] [LOG] [Object, Object, Object, Object, Object, Object, Object, Object, Object, Object, Object, Object, Object, Object, Object, Object, Object, Object, Object, Object, Object, Object, Object, Object, Object, Object, Object, Object, Object, Object, Object, Object, Object, Object, Object, Object, Object, Object, Object, Object, Object, Object, Object, Object, Object, Object, Object, Object, Object, Object] @ https://crm.smarthiz.vn/main.7779000ecd52102b7ac0.js:0
[    3082ms] [WARNING] You don't have permission to use DEVTOOL!【type = 6】 @ https://crm.smarthiz.vn/main.7779000ecd52102b7ac0.js:0
[    3755ms] [LOG] JSHandle@node @ https://crm.smarthiz.vn/main.7779000ecd52102b7ac0.js:0
[    3755ms] [LOG] Fri Jul 17 2026 14:32:45 GMT+0700 (Indochina Time) @ https://crm.smarthiz.vn/main.7779000ecd52102b7ac0.js:0
[    3756ms] [LOG] function(){} @ https://crm.smarthiz.vn/main.7779000ecd52102b7ac0.js:0
[    3756ms] [TABLE] [Object, Object, Object, Object, Object, Object, Object, Object, Object, Object, Object, Object, Object, Object, Object, Object, Object, Object, Object, Object, Object, Object, Object, Object, Object, Object, Object, Object, Object, Object, Object, Object, Object, Object, Object, Object, Object, Object, Object, Object, Object, Object, Object, Object, Object, Object, Object, Object, Object, Object] @ https://crm.smarthiz.vn/main.7779000ecd52102b7ac0.js:0
[    3792ms] [LOG] [Object, Object, Object, Object, Object, Object, Object, Object, Object, Object, Object, Object, Object, Object, Object, Object, Object, Object, Object, Object, Object, Object, Object, Object, Object, Object, Object, Object, Object, Object, Object, Object, Object, Object, Object, Object, Object, Object, Object, Object, Object, Object, Object, Object, Object, Object, Object, Object, Object, Object] @ https://crm.smarthiz.vn/main.7779000ecd52102b7ac0.js:0
[    4253ms] [LOG] JSHandle@node @ https://crm.smarthiz.vn/main.7779000ecd52102b7ac0.js:0
[    4253ms] [LOG] Fri Jul 17 2026 14:32:45 GMT+0700 (Indochina Time) @ https://crm.smarthiz.vn/main.7779000ecd52102b7ac0.js:0
[    4254ms] [LOG] function(){} @ https://crm.smarthiz.vn/main.7779000ecd52102b7ac0.js:0
[    4254ms] [TABLE] [Object, Object, Object, Object, Object, Object, Object, Object, Object, Object, Object, Object, Object, Object, Object, Object, Object, Object, Object, Object, Object, Object, Object, Object, Object, Object, Object, Object, Object, Object, Object, Object, Object, Object, Object, Object, Object, Object, Object, Object, Object, Object, Object, Object, Object, Object, Object, Object, Object, Object] @ https://crm.smarthiz.vn/main.7779000ecd52102b7ac0.js:0
[    4286ms] [LOG] [Object, Object, Object, Object, Object, Object, Object, Object, Object, Object, Object, Object, Object, Object, Object, Object, Object, Object, Object, Object, Object, Object, Object, Object, Object, Object, Object, Object, Object, Object, Object, Object, Object, Object, Object, Object, Object, Object, Object, Object, Object, Object, Object, Object, Object, Object, Object, Object, Object, Object] @ https://crm.smarthiz.vn/main.7779000ecd52102b7ac0.js:0
[    4286ms] [WARNING] You don't have permission to use DEVTOOL!【type = 6】 @ https://crm.smarthiz.vn/main.7779000ecd52102b7ac0.js:0
[    5066ms] [LOG] JSHandle@node @ https://crm.smarthiz.vn/main.7779000ecd52102b7ac0.js:0
[    5066ms] [LOG] Fri Jul 17 2026 14:32:47 GMT+0700 (Indochina Time) @ https://crm.smarthiz.vn/main.7779000ecd52102b7ac0.js:0
[    5067ms] [LOG] function(){} @ https://crm.smarthiz.vn/main.7779000ecd52102b7ac0.js:0
[    5067ms] [TABLE] [Object, Object, Object, Object, Object, Object, Object, Object, Object, Object, Object, Object, Object, Object, Object, Object, Object, Object, Object, Object, Object, Object, Object, Object, Object, Object, Object, Object, Object, Object, Object, Object, Object, Object, Object, Object, Object, Object, Object, Object, Object, Object, Object, Object, Object, Object, Object, Object, Object, Object] @ https://crm.smarthiz.vn/main.7779000ecd52102b7ac0.js:0
[    5103ms] [LOG] [Object, Object, Object, Object, Object, Object, Object, Object, Object, Object, Object, Object, Object, Object, Object, Object, Object, Object, Object, Object, Object, Object, Object, Object, Object, Object, Object, Object, Object, Object, Object, Object, Object, Object, Object, Object, Object, Object, Object, Object, Object, Object, Object, Object, Object, Object, Object, Object, Object, Object] @ https://crm.smarthiz.vn/main.7779000ecd52102b7ac0.js:0
[    5103ms] [WARNING] You don't have permission to use DEVTOOL!【type = 6】 @ https://crm.smarthiz.vn/main.7779000ecd52102b7ac0.js:0
[    5797ms] [LOG] JSHandle@node @ https://crm.smarthiz.vn/main.7779000ecd52102b7ac0.js:0
[    5797ms] [LOG] Fri Jul 17 2026 14:32:47 GMT+0700 (Indochina Time) @ https://crm.smarthiz.vn/main.7779000ecd52102b7ac0.js:0
[    5797ms] [LOG] function(){} @ https://crm.smarthiz.vn/main.7779000ecd52102b7ac0.js:0
[    5797ms] [TABLE] [Object, Object, Object, Object, Object, Object, Object, Object, Object, Object, Object, Object, Object, Object, Object, Object, Object, Object, Object, Object, Object, Object, Object, Object, Object, Object, Object, Object, Object, Object, Object, Object, Object, Object, Object, Object, Object, Object, Object, Object, Object, Object, Object, Object, Object, Object, Object, Object, Object, Object] @ https://crm.smarthiz.vn/main.7779000ecd52102b7ac0.js:0
[    5829ms] [LOG] [Object, Object, Object, Object, Object, Object, Object, Object, Object, Object, Object, Object, Object, Object, Object, Object, Object, Object, Object, Object, Object, Object, Object, Object, Object, Object, Object, Object, Object, Object, Object, Object, Object, Object, Object, Object, Object, Object, Object, Object, Object, Object, Object, Object, Object, Object, Object, Object, Object, Object] @ https://crm.smarthiz.vn/main.7779000ecd52102b7ac0.js:0
[    5829ms] [WARNING] You don't have permission to use DEVTOOL!【type = 6】 @ https://crm.smarthiz.vn/main.7779000ecd52102b7ac0.js:0
[    6577ms] [LOG] JSHandle@node @ https://crm.smarthiz.vn/main.7779000ecd52102b7ac0.js:0
[    6577ms] [LOG] Fri Jul 17 2026 14:32:48 GMT+0700 (Indochina Time) @ https://crm.smarthiz.vn/main.7779000ecd52102b7ac0.js:0
[    6577ms] [LOG] function(){} @ https://crm.smarthiz.vn/main.7779000ecd52102b7ac0.js:0
[    6578ms] [TABLE] [Object, Object, Object, Object, Object, Object, Object, Object, Object, Object, Object, Object, Object, Object, Object, Object, Object, Object, Object, Object, Object, Object, Object, Object, Object, Object, Object, Object, Object, Object, Object, Object, Object, Object, Object, Object, Object, Object, Object, Object, Object, Object, Object, Object, Object, Object, Object, Object, Object, Object] @ https://crm.smarthiz.vn/main.7779000ecd52102b7ac0.js:0
[    6610ms] [LOG] [Object, Object, Object, Object, Object, Object, Object, Object, Object, Object, Object, Object, Object, Object, Object, Object, Object, Object, Object, Object, Object, Object, Object, Object, Object, Object, Object, Object, Object, Object, Object, Object, Object, Object, Object, Object, Object, Object, Object, Object, Object, Object, Object, Object, Object, Object, Object, Object, Object, Object] @ https://crm.smarthiz.vn/main.7779000ecd52102b7ac0.js:0
[    6610ms] [WARNING] You don't have permission to use DEVTOOL!【type = 6】 @ https://crm.smarthiz.vn/main.7779000ecd52102b7ac0.js:0
[    7288ms] [LOG] JSHandle@node @ https://crm.smarthiz.vn/main.7779000ecd52102b7ac0.js:0
[    7288ms] [LOG] Fri Jul 17 2026 14:32:49 GMT+0700 (Indochina Time) @ https://crm.smarthiz.vn/main.7779000ecd52102b7ac0.js:0
[    7289ms] [LOG] function(){} @ https://crm.smarthiz.vn/main.7779000ecd52102b7ac0.js:0
[    7289ms] [TABLE] [Object, Object, Object, Object, Object, Object, Object, Object, Object, Object, Object, Object, Object, Object, Object, Object, Object, Object, Object, Object, Object, Object, Object, Object, Object, Object, Object, Object, Object, Object, Object, Object, Object, Object, Object, Object, Object, Object, Object, Object, Object, Object, Object, Object, Object, Object, Object, Object, Object, Object] @ https://crm.smarthiz.vn/main.7779000ecd52102b7ac0.js:0
[    7330ms] [LOG] [Object, Object, Object, Object, Object, Object, Object, Object, Object, Object, Object, Object, Object, Object, Object, Object, Object, Object, Object, Object, Object, Object, Object, Object, Object, Object, Object, Object, Object, Object, Object, Object, Object, Object, Object, Object, Object, Object, Object, Object, Object, Object, Object, Object, Object, Object, Object, Object, Object, Object] @ https://crm.smarthiz.vn/main.7779000ecd52102b7ac0.js:0
[    7330ms] [WARNING] You don't have permission to use DEVTOOL!【type = 6】 @ https://crm.smarthiz.vn/main.7779000ecd52102b7ac0.js:0
[    7995ms] [LOG] JSHandle@node @ https://crm.smarthiz.vn/main.7779000ecd52102b7ac0.js:0
[    7995ms] [LOG] Fri Jul 17 2026 14:32:50 GMT+0700 (Indochina Time) @ https://crm.smarthiz.vn/main.7779000ecd52102b7ac0.js:0
[    7995ms] [LOG] function(){} @ https://crm.smarthiz.vn/main.7779000ecd52102b7ac0.js:0
[    7995ms] [TABLE] [Object, Object, Object, Object, Object, Object, Object, Object, Object, Object, Object, Object, Object, Object, Object, Object, Object, Object, Object, Object, Object, Object, Object, Object, Object, Object, Object, Object, Object, Object, Object, Object, Object, Object, Object, Object, Object, Object, Object, Object, Object, Object, Object, Object, Object, Object, Object, Object, Object, Object] @ https://crm.smarthiz.vn/main.7779000ecd52102b7ac0.js:0
[    8031ms] [LOG] [Object, Object, Object, Object, Object, Object, Object, Object, Object, Object, Object, Object, Object, Object, Object, Object, Object, Object, Object, Object, Object, Object, Object, Object, Object, Object, Object, Object, Object, Object, Object, Object, Object, Object, Object, Object, Object, Object, Object, Object, Object, Object, Object, Object, Object, Object, Object, Object, Object, Object] @ https://crm.smarthiz.vn/main.7779000ecd52102b7ac0.js:0
[    8031ms] [WARNING] You don't have permission to use DEVTOOL!【type = 6】 @ https://crm.smarthiz.vn/main.7779000ecd52102b7ac0.js:0
[    8698ms] [LOG] JSHandle@node @ https://crm.smarthiz.vn/main.7779000ecd52102b7ac0.js:0
[    8698ms] [LOG] Fri Jul 17 2026 14:32:50 GMT+0700 (Indochina Time) @ https://crm.smarthiz.vn/main.7779000ecd52102b7ac0.js:0
[    8699ms] [LOG] function(){} @ https://crm.smarthiz.vn/main.7779000ecd52102b7ac0.js:0
[    8699ms] [TABLE] [Object, Object, Object, Object, Object, Object, Object, Object, Object, Object, Object, Object, Object, Object, Object, Object, Object, Object, Object, Object, Object, Object, Object, Object, Object, Object, Object, Object, Object, Object, Object, Object, Object, Object, Object, Object, Object, Object, Object, Object, Object, Object, Object, Object, Object, Object, Object, Object, Object, Object] @ https://crm.smarthiz.vn/main.7779000ecd52102b7ac0.js:0
[    8729ms] [LOG] [Object, Object, Object, Object, Object, Object, Object, Object, Object, Object, Object, Object, Object, Object, Object, Object, Object, Object, Object, Object, Object, Object, Object, Object, Object, Object, Object, Object, Object, Object, Object, Object, Object, Object, Object, Object, Object, Object, Object, Object, Object, Object, Object, Object, Object, Object, Object, Object, Object, Object] @ https://crm.smarthiz.vn/main.7779000ecd52102b7ac0.js:0
[    9203ms] [LOG] JSHandle@node @ https://crm.smarthiz.vn/main.7779000ecd52102b7ac0.js:0
[    9203ms] [LOG] Fri Jul 17 2026 14:32:50 GMT+0700 (Indochina Time) @ https://crm.smarthiz.vn/main.7779000ecd52102b7ac0.js:0
[    9203ms] [LOG] function(){} @ https://crm.smarthiz.vn/main.7779000ecd52102b7ac0.js:0
[    9203ms] [TABLE] [Object, Object, Object, Object, Object, Object, Object, Object, Object, Object, Object, Object, Object, Object, Object, Object, Object, Object, Object, Object, Object, Object, Object, Object, Object, Object, Object, Object, Object, Object, Object, Object, Object, Object, Object, Object, Object, Object, Object, Object, Object, Object, Object, Object, Object, Object, Object, Object, Object, Object] @ https://crm.smarthiz.vn/main.7779000ecd52102b7ac0.js:0
[    9240ms] [LOG] [Object, Object, Object, Object, Object, Object, Object, Object, Object, Object, Object, Object, Object, Object, Object, Object, Object, Object, Object, Object, Object, Object, Object, Object, Object, Object, Object, Object, Object, Object, Object, Object, Object, Object, Object, Object, Object, Object, Object, Object, Object, Object, Object, Object, Object, Object, Object, Object, Object, Object] @ https://crm.smarthiz.vn/main.7779000ecd52102b7ac0.js:0
[    9702ms] [LOG] JSHandle@node @ https://crm.smarthiz.vn/main.7779000ecd52102b7ac0.js:0
[    9702ms] [LOG] Fri Jul 17 2026 14:32:50 GMT+0700 (Indochina Time) @ https://crm.smarthiz.vn/main.7779000ecd52102b7ac0.js:0
[    9702ms] [LOG] function(){} @ https://crm.smarthiz.vn/main.7779000ecd52102b7ac0.js:0
[    9702ms] [TABLE] [Object, Object, Object, Object, Object, Object, Object, Object, Object, Object, Object, Object, Object, Object, Object, Object, Object, Object, Object, Object, Object, Object, Object, Object, Object, Object, Object, Object, Object, Object, Object, Object, Object, Object, Object, Object, Object, Object, Object, Object, Object, Object, Object, Object, Object, Object, Object, Object, Object, Object] @ https://crm.smarthiz.vn/main.7779000ecd52102b7ac0.js:0
[    9743ms] [LOG] [Object, Object, Object, Object, Object, Object, Object, Object, Object, Object, Object, Object, Object, Object, Object, Object, Object, Object, Object, Object, Object, Object, Object, Object, Object, Object, Object, Object, Object, Object, Object, Object, Object, Object, Object, Object, Object, Object, Object, Object, Object, Object, Object, Object, Object, Object, Object, Object, Object, Object] @ https://crm.smarthiz.vn/main.7779000ecd52102b7ac0.js:0
[    9743ms] [WARNING] You don't have permission to use DEVTOOL!【type = 6】 @ https://crm.smarthiz.vn/main.7779000ecd52102b7ac0.js:0
[   10567ms] [LOG] JSHandle@node @ https://crm.smarthiz.vn/main.7779000ecd52102b7ac0.js:0
[   10568ms] [LOG] Fri Jul 17 2026 14:32:52 GMT+0700 (Indochina Time) @ https://crm.smarthiz.vn/main.7779000ecd52102b7ac0.js:0
[   10568ms] [LOG] function(){} @ https://crm.smarthiz.vn/main.7779000ecd52102b7ac0.js:0
[   10568ms] [TABLE] [Object, Object, Object, Object, Object, Object, Object, Object, Object, Object, Object, Object, Object, Object, Object, Object, Object, Object, Object, Object, Object, Object, Object, Object, Object, Object, Object, Object, Object, Object, Object, Object, Object, Object, Object, Object, Object, Object, Object, Object, Object, Object, Object, Object, Object, Object, Object, Object, Object, Object] @ https://crm.smarthiz.vn/main.7779000ecd52102b7ac0.js:0
[   10601ms] [LOG] [Object, Object, Object, Object, Object, Object, Object, Object, Object, Object, Object, Object, Object, Object, Object, Object, Object, Object, Object, Object, Object, Object, Object, Object, Object, Object, Object, Object, Object, Object, Object, Object, Object, Object, Object, Object, Object, Object, Object, Object, Object, Object, Object, Object, Object, Object, Object, Object, Object, Object] @ https://crm.smarthiz.vn/main.7779000ecd52102b7ac0.js:0
[   11080ms] [LOG] JSHandle@node @ https://crm.smarthiz.vn/main.7779000ecd52102b7ac0.js:0
[   11081ms] [LOG] Fri Jul 17 2026 14:32:52 GMT+0700 (Indochina Time) @ https://crm.smarthiz.vn/main.7779000ecd52102b7ac0.js:0
[   11081ms] [LOG] function(){} @ https://crm.smarthiz.vn/main.7779000ecd52102b7ac0.js:0
[   11081ms] [TABLE] [Object, Object, Object, Object, Object, Object, Object, Object, Object, Object, Object, Object, Object, Object, Object, Object, Object, Object, Object, Object, Object, Object, Object, Object, Object, Object, Object, Object, Object, Object, Object, Object, Object, Object, Object, Object, Object, Object, Object, Object, Object, Object, Object, Object, Object, Object, Object, Object, Object, Object] @ https://crm.smarthiz.vn/main.7779000ecd52102b7ac0.js:0
[   11114ms] [LOG] [Object, Object, Object, Object, Object, Object, Object, Object, Object, Object, Object, Object, Object, Object, Object, Object, Object, Object, Object, Object, Object, Object, Object, Object, Object, Object, Object, Object, Object, Object, Object, Object, Object, Object, Object, Object, Object, Object, Object, Object, Object, Object, Object, Object, Object, Object, Object, Object, Object, Object] @ https://crm.smarthiz.vn/main.7779000ecd52102b7ac0.js:0
[   11574ms] [LOG] JSHandle@node @ https://crm.smarthiz.vn/main.7779000ecd52102b7ac0.js:0
[   11575ms] [LOG] Fri Jul 17 2026 14:32:52 GMT+0700 (Indochina Time) @ https://crm.smarthiz.vn/main.7779000ecd52102b7ac0.js:0
[   11575ms] [LOG] function(){} @ https://crm.smarthiz.vn/main.7779000ecd52102b7ac0.js:0
[   11575ms] [TABLE] [Object, Object, Object, Object, Object, Object, Object, Object, Object, Object, Object, Object, Object, Object, Object, Object, Object, Object, Object, Object, Object, Object, Object, Object, Object, Object, Object, Object, Object, Object, Object, Object, Object, Object, Object, Object, Object, Object, Object, Object, Object, Object, Object, Object, Object, Object, Object, Object, Object, Object] @ https://crm.smarthiz.vn/main.7779000ecd52102b7ac0.js:0
[   11611ms] [LOG] [Object, Object, Object, Object, Object, Object, Object, Object, Object, Object, Object, Object, Object, Object, Object, Object, Object, Object, Object, Object, Object, Object, Object, Object, Object, Object, Object, Object, Object, Object, Object, Object, Object, Object, Object, Object, Object, Object, Object, Object, Object, Object, Object, Object, Object, Object, Object, Object, Object, Object] @ https://crm.smarthiz.vn/main.7779000ecd52102b7ac0.js:0
[   11611ms] [WARNING] You don't have permission to use DEVTOOL!【type = 6】 @ https://crm.smarthiz.vn/main.7779000ecd52102b7ac0.js:0
[   12281ms] [LOG] JSHandle@node @ https://crm.smarthiz.vn/main.7779000ecd52102b7ac0.js:0
[   12281ms] [LOG] Fri Jul 17 2026 14:32:54 GMT+0700 (Indochina Time) @ https://crm.smarthiz.vn/main.7779000ecd52102b7ac0.js:0
[   12281ms] [LOG] function(){} @ https://crm.smarthiz.vn/main.7779000ecd52102b7ac0.js:0
[   12281ms] [TABLE] [Object, Object, Object, Object, Object, Object, Object, Object, Object, Object, Object, Object, Object, Object, Object, Object, Object, Object, Object, Object, Object, Object, Object, Object, Object, Object, Object, Object, Object, Object, Object, Object, Object, Object, Object, Object, Object, Object, Object, Object, Object, Object, Object, Object, Object, Object, Object, Object, Object, Object] @ https://crm.smarthiz.vn/main.7779000ecd52102b7ac0.js:0
[   12315ms] [LOG] [Object, Object, Object, Object, Object, Object, Object, Object, Object, Object, Object, Object, Object, Object, Object, Object, Object, Object, Object, Object, Object, Object, Object, Object, Object, Object, Object, Object, Object, Object, Object, Object, Object, Object, Object, Object, Object, Object, Object, Object, Object, Object, Object, Object, Object, Object, Object, Object, Object, Object] @ https://crm.smarthiz.vn/main.7779000ecd52102b7ac0.js:0
[   12315ms] [WARNING] You don't have permission to use DEVTOOL!【type = 6】 @ https://crm.smarthiz.vn/main.7779000ecd52102b7ac0.js:0
[   13091ms] [LOG] JSHandle@node @ https://crm.smarthiz.vn/main.7779000ecd52102b7ac0.js:0
[   13091ms] [LOG] Fri Jul 17 2026 14:32:55 GMT+0700 (Indochina Time) @ https://crm.smarthiz.vn/main.7779000ecd52102b7ac0.js:0
[   13092ms] [LOG] function(){} @ https://crm.smarthiz.vn/main.7779000ecd52102b7ac0.js:0
[   13092ms] [TABLE] [Object, Object, Object, Object, Object, Object, Object, Object, Object, Object, Object, Object, Object, Object, Object, Object, Object, Object, Object, Object, Object, Object, Object, Object, Object, Object, Object, Object, Object, Object, Object, Object, Object, Object, Object, Object, Object, Object, Object, Object, Object, Object, Object, Object, Object, Object, Object, Object, Object, Object] @ https://crm.smarthiz.vn/main.7779000ecd52102b7ac0.js:0
[   13128ms] [LOG] [Object, Object, Object, Object, Object, Object, Object, Object, Object, Object, Object, Object, Object, Object, Object, Object, Object, Object, Object, Object, Object, Object, Object, Object, Object, Object, Object, Object, Object, Object, Object, Object, Object, Object, Object, Object, Object, Object, Object, Object, Object, Object, Object, Object, Object, Object, Object, Object, Object, Object] @ https://crm.smarthiz.vn/main.7779000ecd52102b7ac0.js:0
[   13595ms] [LOG] JSHandle@node @ https://crm.smarthiz.vn/main.7779000ecd52102b7ac0.js:0
[   13595ms] [LOG] Fri Jul 17 2026 14:32:55 GMT+0700 (Indochina Time) @ https://crm.smarthiz.vn/main.7779000ecd52102b7ac0.js:0
[   13595ms] [LOG] function(){} @ https://crm.smarthiz.vn/main.7779000ecd52102b7ac0.js:0
[   13595ms] [TABLE] [Object, Object, Object, Object, Object, Object, Object, Object, Object, Object, Object, Object, Object, Object, Object, Object, Object, Object, Object, Object, Object, Object, Object, Object, Object, Object, Object, Object, Object, Object, Object, Object, Object, Object, Object, Object, Object, Object, Object, Object, Object, Object, Object, Object, Object, Object, Object, Object, Object, Object] @ https://crm.smarthiz.vn/main.7779000ecd52102b7ac0.js:0
[   13629ms] [LOG] [Object, Object, Object, Object, Object, Object, Object, Object, Object, Object, Object, Object, Object, Object, Object, Object, Object, Object, Object, Object, Object, Object, Object, Object, Object, Object, Object, Object, Object, Object, Object, Object, Object, Object, Object, Object, Object, Object, Object, Object, Object, Object, Object, Object, Object, Object, Object, Object, Object, Object] @ https://crm.smarthiz.vn/main.7779000ecd52102b7ac0.js:0
[   14091ms] [LOG] JSHandle@node @ https://crm.smarthiz.vn/main.7779000ecd52102b7ac0.js:0
[   14092ms] [LOG] Fri Jul 17 2026 14:32:55 GMT+0700 (Indochina Time) @ https://crm.smarthiz.vn/main.7779000ecd52102b7ac0.js:0
[   14092ms] [LOG] function(){} @ https://crm.smarthiz.vn/main.7779000ecd52102b7ac0.js:0
[   14092ms] [TABLE] [Object, Object, Object, Object, Object, Object, Object, Object, Object, Object, Object, Object, Object, Object, Object, Object, Object, Object, Object, Object, Object, Object, Object, Object, Object, Object, Object, Object, Object, Object, Object, Object, Object, Object, Object, Object, Object, Object, Object, Object, Object, Object, Object, Object, Object, Object, Object, Object, Object, Object] @ https://crm.smarthiz.vn/main.7779000ecd52102b7ac0.js:0
[   14129ms] [LOG] [Object, Object, Object, Object, Object, Object, Object, Object, Object, Object, Object, Object, Object, Object, Object, Object, Object, Object, Object, Object, Object, Object, Object, Object, Object, Object, Object, Object, Object, Object, Object, Object, Object, Object, Object, Object, Object, Object, Object, Object, Object, Object, Object, Object, Object, Object, Object, Object, Object, Object] @ https://crm.smarthiz.vn/main.7779000ecd52102b7ac0.js:0
[   14586ms] [LOG] JSHandle@node @ https://crm.smarthiz.vn/main.7779000ecd52102b7ac0.js:0
[   14587ms] [LOG] Fri Jul 17 2026 14:32:55 GMT+0700 (Indochina Time) @ https://crm.smarthiz.vn/main.7779000ecd52102b7ac0.js:0
[   14587ms] [LOG] function(){} @ https://crm.smarthiz.vn/main.7779000ecd52102b7ac0.js:0
[   14587ms] [TABLE] [Object, Object, Object, Object, Object, Object, Object, Object, Object, Object, Object, Object, Object, Object, Object, Object, Object, Object, Object, Object, Object, Object, Object, Object, Object, Object, Object, Object, Object, Object, Object, Object, Object, Object, Object, Object, Object, Object, Object, Object, Object, Object, Object, Object, Object, Object, Object, Object, Object, Object] @ https://crm.smarthiz.vn/main.7779000ecd52102b7ac0.js:0
[   14628ms] [LOG] [Object, Object, Object, Object, Object, Object, Object, Object, Object, Object, Object, Object, Object, Object, Object, Object, Object, Object, Object, Object, Object, Object, Object, Object, Object, Object, Object, Object, Object, Object, Object, Object, Object, Object, Object, Object, Object, Object, Object, Object, Object, Object, Object, Object, Object, Object, Object, Object, Object, Object] @ https://crm.smarthiz.vn/main.7779000ecd52102b7ac0.js:0
[   15095ms] [LOG] JSHandle@node @ https://crm.smarthiz.vn/main.7779000ecd52102b7ac0.js:0
[   15095ms] [LOG] Fri Jul 17 2026 14:32:55 GMT+0700 (Indochina Time) @ https://crm.smarthiz.vn/main.7779000ecd52102b7ac0.js:0
[   15095ms] [LOG] function(){} @ https://crm.smarthiz.vn/main.7779000ecd52102b7ac0.js:0
[   15095ms] [TABLE] [Object, Object, Object, Object, Object, Object, Object, Object, Object, Object, Object, Object, Object, Object, Object, Object, Object, Object, Object, Object, Object, Object, Object, Object, Object, Object, Object, Object, Object, Object, Object, Object, Object, Object, Object, Object, Object, Object, Object, Object, Object, Object, Object, Object, Object, Object, Object, Object, Object, Object] @ https://crm.smarthiz.vn/main.7779000ecd52102b7ac0.js:0
[   15127ms] [LOG] [Object, Object, Object, Object, Object, Object, Object, Object, Object, Object, Object, Object, Object, Object, Object, Object, Object, Object, Object, Object, Object, Object, Object, Object, Object, Object, Object, Object, Object, Object, Object, Object, Object, Object, Object, Object, Object, Object, Object, Object, Object, Object, Object, Object, Object, Object, Object, Object, Object, Object] @ https://crm.smarthiz.vn/main.7779000ecd52102b7ac0.js:0
[   15127ms] [WARNING] You don't have permission to use DEVTOOL!【type = 6】 @ https://crm.smarthiz.vn/main.7779000ecd52102b7ac0.js:0
[   15881ms] [LOG] JSHandle@node @ https://crm.smarthiz.vn/main.7779000ecd52102b7ac0.js:0
[   15882ms] [LOG] Fri Jul 17 2026 14:32:57 GMT+0700 (Indochina Time) @ https://crm.smarthiz.vn/main.7779000ecd52102b7ac0.js:0
[   15882ms] [LOG] function(){} @ https://crm.smarthiz.vn/main.7779000ecd52102b7ac0.js:0
[   15882ms] [TABLE] [Object, Object, Object, Object, Object, Object, Object, Object, Object, Object, Object, Object, Object, Object, Object, Object, Object, Object, Object, Object, Object, Object, Object, Object, Object, Object, Object, Object, Object, Object, Object, Object, Object, Object, Object, Object, Object, Object, Object, Object, Object, Object, Object, Object, Object, Object, Object, Object, Object, Object] @ https://crm.smarthiz.vn/main.7779000ecd52102b7ac0.js:0
[   15912ms] [LOG] [Object, Object, Object, Object, Object, Object, Object, Object, Object, Object, Object, Object, Object, Object, Object, Object, Object, Object, Object, Object, Object, Object, Object, Object, Object, Object, Object, Object, Object, Object, Object, Object, Object, Object, Object, Object, Object, Object, Object, Object, Object, Object, Object, Object, Object, Object, Object, Object, Object, Object] @ https://crm.smarthiz.vn/main.7779000ecd52102b7ac0.js:0
[   15912ms] [WARNING] You don't have permission to use DEVTOOL!【type = 6】 @ https://crm.smarthiz.vn/main.7779000ecd52102b7ac0.js:0
[   16572ms] [LOG] JSHandle@node @ https://crm.smarthiz.vn/main.7779000ecd52102b7ac0.js:0
[   16572ms] [LOG] Fri Jul 17 2026 14:32:58 GMT+0700 (Indochina Time) @ https://crm.smarthiz.vn/main.7779000ecd52102b7ac0.js:0
[   16573ms] [LOG] function(){} @ https://crm.smarthiz.vn/main.7779000ecd52102b7ac0.js:0
[   16573ms] [TABLE] [Object, Object, Object, Object, Object, Object, Object, Object, Object, Object, Object, Object, Object, Object, Object, Object, Object, Object, Object, Object, Object, Object, Object, Object, Object, Object, Object, Object, Object, Object, Object, Object, Object, Object, Object, Object, Object, Object, Object, Object, Object, Object, Object, Object, Object, Object, Object, Object, Object, Object] @ https://crm.smarthiz.vn/main.7779000ecd52102b7ac0.js:0
[   16603ms] [LOG] [Object, Object, Object, Object, Object, Object, Object, Object, Object, Object, Object, Object, Object, Object, Object, Object, Object, Object, Object, Object, Object, Object, Object, Object, Object, Object, Object, Object, Object, Object, Object, Object, Object, Object, Object, Object, Object, Object, Object, Object, Object, Object, Object, Object, Object, Object, Object, Object, Object, Object] @ https://crm.smarthiz.vn/main.7779000ecd52102b7ac0.js:0
[   17073ms] [LOG] JSHandle@node @ https://crm.smarthiz.vn/main.7779000ecd52102b7ac0.js:0
[   17073ms] [LOG] Fri Jul 17 2026 14:32:58 GMT+0700 (Indochina Time) @ https://crm.smarthiz.vn/main.7779000ecd52102b7ac0.js:0
[   17073ms] [LOG] function(){} @ https://crm.smarthiz.vn/main.7779000ecd52102b7ac0.js:0
[   17073ms] [TABLE] [Object, Object, Object, Object, Object, Object, Object, Object, Object, Object, Object, Object, Object, Object, Object, Object, Object, Object, Object, Object, Object, Object, Object, Object, Object, Object, Object, Object, Object, Object, Object, Object, Object, Object, Object, Object, Object, Object, Object, Object, Object, Object, Object, Object, Object, Object, Object, Object, Object, Object] @ https://crm.smarthiz.vn/main.7779000ecd52102b7ac0.js:0
[   17103ms] [LOG] [Object, Object, Object, Object, Object, Object, Object, Object, Object, Object, Object, Object, Object, Object, Object, Object, Object, Object, Object, Object, Object, Object, Object, Object, Object, Object, Object, Object, Object, Object, Object, Object, Object, Object, Object, Object, Object, Object, Object, Object, Object, Object, Object, Object, Object, Object, Object, Object, Object, Object] @ https://crm.smarthiz.vn/main.7779000ecd52102b7ac0.js:0
[   17103ms] [WARNING] You don't have permission to use DEVTOOL!【type = 6】 @ https://crm.smarthiz.vn/main.7779000ecd52102b7ac0.js:0
[   17873ms] [LOG] JSHandle@node @ https://crm.smarthiz.vn/main.7779000ecd52102b7ac0.js:0
[   17874ms] [LOG] Fri Jul 17 2026 14:32:59 GMT+0700 (Indochina Time) @ https://crm.smarthiz.vn/main.7779000ecd52102b7ac0.js:0
[   17874ms] [LOG] function(){} @ https://crm.smarthiz.vn/main.7779000ecd52102b7ac0.js:0
[   17874ms] [TABLE] [Object, Object, Object, Object, Object, Object, Object, Object, Object, Object, Object, Object, Object, Object, Object, Object, Object, Object, Object, Object, Object, Object, Object, Object, Object, Object, Object, Object, Object, Object, Object, Object, Object, Object, Object, Object, Object, Object, Object, Object, Object, Object, Object, Object, Object, Object, Object, Object, Object, Object] @ https://crm.smarthiz.vn/main.7779000ecd52102b7ac0.js:0
[   17904ms] [LOG] [Object, Object, Object, Object, Object, Object, Object, Object, Object, Object, Object, Object, Object, Object, Object, Object, Object, Object, Object, Object, Object, Object, Object, Object, Object, Object, Object, Object, Object, Object, Object, Object, Object, Object, Object, Object, Object, Object, Object, Object, Object, Object, Object, Object, Object, Object, Object, Object, Object, Object] @ https://crm.smarthiz.vn/main.7779000ecd52102b7ac0.js:0
